// Jest Snapshot v1, https://goo.gl/fbAQLP

exports[`Validate multiple validation errors can render multiple errors 1`] = `
<div>
  <form
    novalidate=""
  >
    <div
      class="MuiFormControl-root MuiFormControl-fullWidth MuiTextField-root css-wb57ya-MuiFormControl-root-MuiTextField-root"
    >
      <label
        class="MuiFormLabel-root MuiInputLabel-root MuiInputLabel-formControl MuiInputLabel-animated MuiInputLabel-shrink MuiInputLabel-outlined MuiFormLabel-colorPrimary Mui-error MuiFormLabel-filled Mui-required MuiInputLabel-root MuiInputLabel-formControl MuiInputLabel-animated MuiInputLabel-shrink MuiInputLabel-outlined css-1jy569b-MuiFormLabel-root-MuiInputLabel-root"
        data-shrink="true"
        for=":r0:"
        id=":r0:-label"
      >
        Test
        <span
          aria-hidden="true"
          class="MuiFormLabel-asterisk MuiInputLabel-asterisk Mui-error css-wgai2y-MuiFormLabel-asterisk"
        >
           
          *
        </span>
      </label>
      <div
        class="MuiInputBase-root MuiOutlinedInput-root MuiInputBase-colorPrimary Mui-error MuiInputBase-fullWidth MuiInputBase-formControl css-md26zr-MuiInputBase-root-MuiOutlinedInput-root"
      >
        <input
          aria-describedby=":r0:-helper-text"
          aria-invalid="true"
          class="MuiInputBase-input MuiOutlinedInput-input css-1t8l2tu-MuiInputBase-input-MuiOutlinedInput-input"
          data-testid="textfield"
          id=":r0:"
          name="hello"
          required=""
          type="text"
          value="no email"
        />
        <fieldset
          aria-hidden="true"
          class="MuiOutlinedInput-notchedOutline css-1d3z3hw-MuiOutlinedInput-notchedOutline"
        >
          <legend
            class="css-14lo706"
          >
            <span>
              Test
               
              *
            </span>
          </legend>
        </fieldset>
      </div>
      <p
        class="MuiFormHelperText-root Mui-error MuiFormHelperText-sizeMedium MuiFormHelperText-contained MuiFormHelperText-filled Mui-required css-1wc848c-MuiFormHelperText-root"
        id=":r0:-helper-text"
      >
        field_too_short: hello
        field_not_email: hello
      </p>
    </div>
  </form>
</div>
`;

exports[`Validate multiple validation errors can render multiple errors in separate elements 1`] = `
<div>
  <form
    novalidate=""
  >
    <div
      class="MuiFormControl-root MuiFormControl-fullWidth MuiTextField-root css-wb57ya-MuiFormControl-root-MuiTextField-root"
    >
      <label
        class="MuiFormLabel-root MuiInputLabel-root MuiInputLabel-formControl MuiInputLabel-animated MuiInputLabel-shrink MuiInputLabel-outlined MuiFormLabel-colorPrimary Mui-error MuiFormLabel-filled Mui-required MuiInputLabel-root MuiInputLabel-formControl MuiInputLabel-animated MuiInputLabel-shrink MuiInputLabel-outlined css-1jy569b-MuiFormLabel-root-MuiInputLabel-root"
        data-shrink="true"
        for=":r1:"
        id=":r1:-label"
      >
        Test
        <span
          aria-hidden="true"
          class="MuiFormLabel-asterisk MuiInputLabel-asterisk Mui-error css-wgai2y-MuiFormLabel-asterisk"
        >
           
          *
        </span>
      </label>
      <div
        class="MuiInputBase-root MuiOutlinedInput-root MuiInputBase-colorPrimary Mui-error MuiInputBase-fullWidth MuiInputBase-formControl css-md26zr-MuiInputBase-root-MuiOutlinedInput-root"
      >
        <input
          aria-describedby=":r1:-helper-text"
          aria-invalid="true"
          class="MuiInputBase-input MuiOutlinedInput-input css-1t8l2tu-MuiInputBase-input-MuiOutlinedInput-input"
          data-testid="textfield"
          id=":r1:"
          name="hello"
          required=""
          type="text"
          value="no email"
        />
        <fieldset
          aria-hidden="true"
          class="MuiOutlinedInput-notchedOutline css-1d3z3hw-MuiOutlinedInput-notchedOutline"
        >
          <legend
            class="css-14lo706"
          >
            <span>
              Test
               
              *
            </span>
          </legend>
        </fieldset>
      </div>
      <p
        class="MuiFormHelperText-root Mui-error MuiFormHelperText-sizeMedium MuiFormHelperText-contained MuiFormHelperText-filled Mui-required css-1wc848c-MuiFormHelperText-root"
        id=":r1:-helper-text"
      >
        <span
          data-testid="error_field"
        >
          field_too_short
          : 
          hello
        </span>
        <span
          data-testid="error_field"
        >
          field_not_email
          : 
          hello
        </span>
      </p>
    </div>
  </form>
</div>
`;
